---
source: crates/reporters/rwx_v1_json/src/lib.rs
expression: json
---
{
  "$schema": "https://raw.githubusercontent.com/rwx-research/test-results-schema/main/v1.json",
  "framework": {
    "kind": "other",
    "language": "other"
  },
  "summary": {
    "status": {
      "kind": "failed"
    },
    "tests": 5,
    "otherErrors": 0,
    "retries": 0,
    "canceled": 0,
    "failed": 2,
    "pended": 1,
    "quarantined": 0,
    "skipped": 1,
    "successful": 1,
    "timedOut": 0,
    "todo": 0
  },
  "tests": [
    {
      "id": "id1",
      "name": "app::module::test1",
      "attempt": {
        "durationInNanoseconds": 11000000,
        "meta": {
          "some": "value"
        },
        "status": {
          "kind": "successful"
        }
      }
    },
    {
      "id": "id2",
      "name": "app::module::test2",
      "attempt": {
        "durationInNanoseconds": 22000000,
        "meta": {},
        "status": {
          "kind": "failed",
          "exception": "test-exception",
          "message": "Test 2 failed",
          "backtrace": [
            "file1.cpp:10",
            "file2.cpp:20"
          ]
        }
      }
    },
    {
      "id": "id3",
      "name": "app::module::test3",
      "attempt": {
        "durationInNanoseconds": 33000000,
        "meta": {},
        "status": {
          "kind": "failed"
        }
      }
    },
    {
      "id": "id4",
      "name": "app::module::test4",
      "attempt": {
        "durationInNanoseconds": 44000000,
        "meta": {},
        "status": {
          "kind": "pended",
          "message": "Test 4 pending"
        }
      }
    },
    {
      "id": "id5",
      "name": "app::module::test5",
      "attempt": {
        "durationInNanoseconds": 55000000,
        "meta": {},
        "status": {
          "kind": "skipped"
        }
      }
    }
  ]
}
